------------------------------------------------------------
Timing Analyzer Summary
------------------------------------------------------------

Type  : Slow 1100mV 85C Model Setup 'clk'
Slack : -3.402
TNS   : -98.182

Type  : Slow 1100mV 85C Model Hold 'clk'
Slack : 0.363
TNS   : 0.000

Type  : Slow 1100mV 85C Model Minimum Pulse Width 'clk'
Slack : -0.394
TNS   : -41.942

Type  : Slow 1100mV 0C Model Setup 'clk'
Slack : -3.448
TNS   : -99.732

Type  : Slow 1100mV 0C Model Hold 'clk'
Slack : 0.349
TNS   : 0.000

Type  : Slow 1100mV 0C Model Minimum Pulse Width 'clk'
Slack : -0.394
TNS   : -46.419

Type  : Fast 1100mV 85C Model Setup 'clk'
Slack : -1.481
TNS   : -32.795

Type  : Fast 1100mV 85C Model Hold 'clk'
Slack : 0.201
TNS   : 0.000

Type  : Fast 1100mV 85C Model Minimum Pulse Width 'clk'
Slack : -0.078
TNS   : -6.138

Type  : Fast 1100mV 0C Model Setup 'clk'
Slack : -1.308
TNS   : -28.078

Type  : Fast 1100mV 0C Model Hold 'clk'
Slack : 0.189
TNS   : 0.000

Type  : Fast 1100mV 0C Model Minimum Pulse Width 'clk'
Slack : -0.080
TNS   : -6.204

------------------------------------------------------------
