------------------------------------------------------------
Timing Analyzer Summary
------------------------------------------------------------

Type  : Slow 900mV 100C Model Setup 'clk'
Slack : -1.660
TNS   : -929.432

Type  : Slow 900mV 100C Model Hold 'clk'
Slack : 0.054
TNS   : 0.000

Type  : Slow 900mV 100C Model Minimum Pulse Width 'clk'
Slack : -1.540
TNS   : -60.854

Type  : Slow 900mV 0C Model Setup 'clk'
Slack : -1.790
TNS   : -882.796

Type  : Slow 900mV 0C Model Hold 'clk'
Slack : 0.033
TNS   : 0.000

Type  : Slow 900mV 0C Model Minimum Pulse Width 'clk'
Slack : -1.540
TNS   : -60.942

Type  : Fast 900mV 100C Model Setup 'clk'
Slack : -0.742
TNS   : -205.137

Type  : Fast 900mV 100C Model Hold 'clk'
Slack : 0.018
TNS   : 0.000

Type  : Fast 900mV 100C Model Minimum Pulse Width 'clk'
Slack : -0.818
TNS   : -43.054

Type  : Fast 900mV 0C Model Setup 'clk'
Slack : -0.447
TNS   : -82.926

Type  : Fast 900mV 0C Model Hold 'clk'
Slack : 0.016
TNS   : 0.000

Type  : Fast 900mV 0C Model Minimum Pulse Width 'clk'
Slack : -0.818
TNS   : -43.054

------------------------------------------------------------
